2019-11-22 11:56:04 [DEBUG] connectionpool.py[_new_conn:225] Starting new HTTP connection (1): 115.28.108.130:8080
2019-11-22 11:56:04 [DEBUG] connectionpool.py[_make_request:437] http://115.28.108.130:8080 "GET / HTTP/1.1" 200 264
2019-11-22 11:56:04 [DEBUG] connectionpool.py[_new_conn:225] Starting new HTTP connection (1): 115.28.108.130:8080
2019-11-22 11:56:04 [DEBUG] connectionpool.py[_make_request:437] http://115.28.108.130:8080 "POST /gasStation/process HTTP/1.1" 200 None
2019-11-22 11:56:05 [DEBUG] connectionpool.py[_make_request:437] http://115.28.108.130:8080 "POST /gasStation/process HTTP/1.1" 200 None
2019-11-22 11:56:05 [DEBUG] connectionpool.py[_make_request:437] http://115.28.108.130:8080 "POST /gasStation/process HTTP/1.1" 500 264
2019-11-22 11:56:05 [DEBUG] connectionpool.py[_get_conn:266] Resetting dropped connection: 115.28.108.130
2019-11-22 11:56:05 [DEBUG] connectionpool.py[_make_request:437] http://115.28.108.130:8080 "POST /gasStation/process HTTP/1.1" 500 264
2019-11-22 11:56:05 [DEBUG] connectionpool.py[_get_conn:266] Resetting dropped connection: 115.28.108.130
2019-11-22 11:56:05 [DEBUG] connectionpool.py[_make_request:437] http://115.28.108.130:8080 "POST /gasStation/process HTTP/1.1" 200 None
2019-11-22 11:56:06 [DEBUG] connectionpool.py[_make_request:437] http://115.28.108.130:8080 "POST /gasStation/process HTTP/1.1" 200 None
2019-11-22 11:56:06 [DEBUG] connectionpool.py[_make_request:437] http://115.28.108.130:8080 "POST /gasStation/process HTTP/1.1" 200 None
2019-11-22 11:56:06 [DEBUG] connectionpool.py[_make_request:437] http://115.28.108.130:8080 "POST /gasStation/process HTTP/1.1" 200 None
2019-11-22 11:56:06 [DEBUG] connectionpool.py[_make_request:437] http://115.28.108.130:8080 "POST /gasStation/process HTTP/1.1" 200 None
2019-11-22 11:56:06 [DEBUG] connectionpool.py[_make_request:437] http://115.28.108.130:8080 "POST /gasStation/process HTTP/1.1" 200 None
2019-11-22 11:56:06 [DEBUG] connectionpool.py[_make_request:437] http://115.28.108.130:8080 "POST /gasStation/process HTTP/1.1" 200 None
2019-11-22 11:56:06 [DEBUG] connectionpool.py[_make_request:437] http://115.28.108.130:8080 "POST /gasStation/process HTTP/1.1" 200 None
2019-11-22 11:56:06 [DEBUG] connectionpool.py[_make_request:437] http://115.28.108.130:8080 "GET /gasStation/process?dataSourceId=bHRz&methodId=02A&userId=5616146&cardNumber=lyp_0013 HTTP/1.1" 200 None
2019-11-22 11:56:07 [DEBUG] connectionpool.py[_make_request:437] http://115.28.108.130:8080 "POST /gasStation/process HTTP/1.1" 200 None
2019-11-22 11:56:07 [DEBUG] connectionpool.py[_make_request:437] http://115.28.108.130:8080 "POST /gasStation/process HTTP/1.1" 200 None
2019-11-22 11:56:07 [DEBUG] connectionpool.py[_make_request:437] http://115.28.108.130:8080 "POST /gasStation/process HTTP/1.1" 200 None
2019-11-22 11:56:07 [DEBUG] connectionpool.py[_make_request:437] http://115.28.108.130:8080 "GET /gasStation/process?dataSourceId=bHRz&methodId=02A&userId=1364414&cardNumber=lyp_0001 HTTP/1.1" 200 None
2019-11-22 11:56:07 [DEBUG] connectionpool.py[_make_request:437] http://115.28.108.130:8080 "GET /gasStation/process?dataSourceId=bHRz&methodId=02A&userId=1364414&cardNumber=lyp_0001 HTTP/1.1" 200 None
2019-11-22 11:56:07 [DEBUG] connectionpool.py[_make_request:437] http://115.28.108.130:8080 "GET /gasStation/process?dataSourceId=bHRz&methodId=02A&userId=1364414&cardNumber=lyp_0011 HTTP/1.1" 200 None
2019-11-22 11:56:08 [DEBUG] connectionpool.py[_make_request:437] http://115.28.108.130:8080 "GET /gasStation/process?dataSourceId=bHRz&methodId=02A&userId=1364316&cardNumber=lyp_0012 HTTP/1.1" 200 None
2019-11-22 11:56:08 [DEBUG] remote_connection.py[_request:388] POST http://127.0.0.1:4723/wd/hub/session {"capabilities": {"firstMatch": [{"platformName": "Android", "appium:platformVersion": "5.1.1", "appium:deviceName": "127.0.0.1:62001", "appium:appPackage": "com.lqr.wechat", "appium:appActivity": "com.lqr.wechat.ui.activity.SplashActivity", "appium:unicodeKeyboard": true, "appium:resetKeyboard": true, "appium:autoLaunch": false}]}, "desiredCapabilities": {"platformName": "Android", "platformVersion": "5.1.1", "deviceName": "127.0.0.1:62001", "appPackage": "com.lqr.wechat", "appActivity": "com.lqr.wechat.ui.activity.SplashActivity", "unicodeKeyboard": true, "resetKeyboard": true, "autoLaunch": false}}
2019-11-22 11:56:08 [DEBUG] connectionpool.py[_new_conn:225] Starting new HTTP connection (1): 127.0.0.1:4723
2019-11-22 11:56:16 [DEBUG] connectionpool.py[_make_request:437] http://127.0.0.1:4723 "POST /wd/hub/session HTTP/1.1" 200 1011
2019-11-22 11:56:16 [DEBUG] remote_connection.py[_request:440] Finished Request
2019-11-22 11:56:16 [DEBUG] remote_connection.py[_request:388] POST http://127.0.0.1:4723/wd/hub/session/7e62527f-7d50-4492-bea6-c09499b19d61/timeouts {"implicit": 10000}
2019-11-22 11:56:16 [DEBUG] connectionpool.py[_make_request:437] http://127.0.0.1:4723 "POST /wd/hub/session/7e62527f-7d50-4492-bea6-c09499b19d61/timeouts HTTP/1.1" 200 14
2019-11-22 11:56:16 [DEBUG] remote_connection.py[_request:440] Finished Request
2019-11-22 11:56:16 [DEBUG] remote_connection.py[_request:388] POST http://127.0.0.1:4723/wd/hub/session/7e62527f-7d50-4492-bea6-c09499b19d61/appium/app/launch {}
2019-11-22 11:56:18 [DEBUG] connectionpool.py[_make_request:437] http://127.0.0.1:4723 "POST /wd/hub/session/7e62527f-7d50-4492-bea6-c09499b19d61/appium/app/launch HTTP/1.1" 200 14
2019-11-22 11:56:18 [DEBUG] remote_connection.py[_request:440] Finished Request
2019-11-22 11:56:18 [DEBUG] remote_connection.py[_request:388] POST http://127.0.0.1:4723/wd/hub/session/7e62527f-7d50-4492-bea6-c09499b19d61/element {"using": "id", "value": "com.lqr.wechat:id/btnLogin"}
2019-11-22 11:56:19 [DEBUG] connectionpool.py[_make_request:437] http://127.0.0.1:4723 "POST /wd/hub/session/7e62527f-7d50-4492-bea6-c09499b19d61/element HTTP/1.1" 200 137
2019-11-22 11:56:19 [DEBUG] remote_connection.py[_request:440] Finished Request
2019-11-22 11:56:19 [DEBUG] remote_connection.py[_request:388] POST http://127.0.0.1:4723/wd/hub/session/7e62527f-7d50-4492-bea6-c09499b19d61/element/7a0e37b0-d851-4846-be02-153606cd9c55/click {"id": "7a0e37b0-d851-4846-be02-153606cd9c55"}
2019-11-22 11:56:19 [DEBUG] connectionpool.py[_make_request:437] http://127.0.0.1:4723 "POST /wd/hub/session/7e62527f-7d50-4492-bea6-c09499b19d61/element/7a0e37b0-d851-4846-be02-153606cd9c55/click HTTP/1.1" 200 14
2019-11-22 11:56:19 [DEBUG] remote_connection.py[_request:440] Finished Request
2019-11-22 11:56:19 [DEBUG] remote_connection.py[_request:388] POST http://127.0.0.1:4723/wd/hub/session/7e62527f-7d50-4492-bea6-c09499b19d61/element {"using": "id", "value": "com.lqr.wechat:id/etPhone"}
2019-11-22 11:56:20 [DEBUG] connectionpool.py[_make_request:437] http://127.0.0.1:4723 "POST /wd/hub/session/7e62527f-7d50-4492-bea6-c09499b19d61/element HTTP/1.1" 200 137
2019-11-22 11:56:20 [DEBUG] remote_connection.py[_request:440] Finished Request
2019-11-22 11:56:20 [DEBUG] remote_connection.py[_request:388] POST http://127.0.0.1:4723/wd/hub/session/7e62527f-7d50-4492-bea6-c09499b19d61/element/7a25b8f4-25b9-4693-97de-7758490babad/value {"text": "18010181267", "value": ["1", "8", "0", "1", "0", "1", "8", "1", "2", "6", "7"], "id": "7a25b8f4-25b9-4693-97de-7758490babad"}
2019-11-22 11:56:20 [DEBUG] connectionpool.py[_make_request:437] http://127.0.0.1:4723 "POST /wd/hub/session/7e62527f-7d50-4492-bea6-c09499b19d61/element/7a25b8f4-25b9-4693-97de-7758490babad/value HTTP/1.1" 200 14
2019-11-22 11:56:20 [DEBUG] remote_connection.py[_request:440] Finished Request
2019-11-22 11:56:20 [DEBUG] remote_connection.py[_request:388] POST http://127.0.0.1:4723/wd/hub/session/7e62527f-7d50-4492-bea6-c09499b19d61/element {"using": "id", "value": "com.lqr.wechat:id/etPwd"}
2019-11-22 11:56:21 [DEBUG] connectionpool.py[_make_request:437] http://127.0.0.1:4723 "POST /wd/hub/session/7e62527f-7d50-4492-bea6-c09499b19d61/element HTTP/1.1" 200 137
2019-11-22 11:56:21 [DEBUG] remote_connection.py[_request:440] Finished Request
2019-11-22 11:56:21 [DEBUG] remote_connection.py[_request:388] POST http://127.0.0.1:4723/wd/hub/session/7e62527f-7d50-4492-bea6-c09499b19d61/element/623bc7c3-847e-492b-8553-6c193f37cbe7/value {"text": "123456", "value": ["1", "2", "3", "4", "5", "6"], "id": "623bc7c3-847e-492b-8553-6c193f37cbe7"}
2019-11-22 11:56:21 [DEBUG] connectionpool.py[_make_request:437] http://127.0.0.1:4723 "POST /wd/hub/session/7e62527f-7d50-4492-bea6-c09499b19d61/element/623bc7c3-847e-492b-8553-6c193f37cbe7/value HTTP/1.1" 200 14
2019-11-22 11:56:21 [DEBUG] remote_connection.py[_request:440] Finished Request
2019-11-22 11:56:21 [DEBUG] remote_connection.py[_request:388] POST http://127.0.0.1:4723/wd/hub/session/7e62527f-7d50-4492-bea6-c09499b19d61/element {"using": "id", "value": "com.lqr.wechat:id/btnLogin"}
2019-11-22 11:56:21 [DEBUG] connectionpool.py[_make_request:437] http://127.0.0.1:4723 "POST /wd/hub/session/7e62527f-7d50-4492-bea6-c09499b19d61/element HTTP/1.1" 200 137
2019-11-22 11:56:21 [DEBUG] remote_connection.py[_request:440] Finished Request
2019-11-22 11:56:21 [DEBUG] remote_connection.py[_request:388] POST http://127.0.0.1:4723/wd/hub/session/7e62527f-7d50-4492-bea6-c09499b19d61/element/b16074e9-be7e-4114-8334-3bada7aa2a16/click {"id": "b16074e9-be7e-4114-8334-3bada7aa2a16"}
2019-11-22 11:56:21 [DEBUG] connectionpool.py[_make_request:437] http://127.0.0.1:4723 "POST /wd/hub/session/7e62527f-7d50-4492-bea6-c09499b19d61/element/b16074e9-be7e-4114-8334-3bada7aa2a16/click HTTP/1.1" 200 14
2019-11-22 11:56:21 [DEBUG] remote_connection.py[_request:440] Finished Request
2019-11-22 11:56:21 [DEBUG] remote_connection.py[_request:388] POST http://127.0.0.1:4723/wd/hub/session/7e62527f-7d50-4492-bea6-c09499b19d61/appium/app/launch {}
2019-11-22 11:56:24 [DEBUG] connectionpool.py[_make_request:437] http://127.0.0.1:4723 "POST /wd/hub/session/7e62527f-7d50-4492-bea6-c09499b19d61/appium/app/launch HTTP/1.1" 200 14
2019-11-22 11:56:24 [DEBUG] remote_connection.py[_request:440] Finished Request
2019-11-22 11:56:24 [DEBUG] remote_connection.py[_request:388] POST http://127.0.0.1:4723/wd/hub/session/7e62527f-7d50-4492-bea6-c09499b19d61/appium/app/launch {}
2019-11-22 11:56:27 [DEBUG] connectionpool.py[_make_request:437] http://127.0.0.1:4723 "POST /wd/hub/session/7e62527f-7d50-4492-bea6-c09499b19d61/appium/app/launch HTTP/1.1" 200 14
2019-11-22 11:56:27 [DEBUG] remote_connection.py[_request:440] Finished Request
2019-11-22 11:56:27 [DEBUG] remote_connection.py[_request:388] POST http://127.0.0.1:4723/wd/hub/session/7e62527f-7d50-4492-bea6-c09499b19d61/element {"using": "id", "value": "com.lqr.wechat:id/btnLogin"}
2019-11-22 11:56:28 [DEBUG] connectionpool.py[_make_request:437] http://127.0.0.1:4723 "POST /wd/hub/session/7e62527f-7d50-4492-bea6-c09499b19d61/element HTTP/1.1" 200 137
2019-11-22 11:56:28 [DEBUG] remote_connection.py[_request:440] Finished Request
2019-11-22 11:56:28 [DEBUG] remote_connection.py[_request:388] POST http://127.0.0.1:4723/wd/hub/session/7e62527f-7d50-4492-bea6-c09499b19d61/element/c26bfbf7-1576-4bfc-8043-c562583f4e3c/click {"id": "c26bfbf7-1576-4bfc-8043-c562583f4e3c"}
2019-11-22 11:56:28 [DEBUG] connectionpool.py[_make_request:437] http://127.0.0.1:4723 "POST /wd/hub/session/7e62527f-7d50-4492-bea6-c09499b19d61/element/c26bfbf7-1576-4bfc-8043-c562583f4e3c/click HTTP/1.1" 200 14
2019-11-22 11:56:28 [DEBUG] remote_connection.py[_request:440] Finished Request
2019-11-22 11:56:28 [DEBUG] remote_connection.py[_request:388] POST http://127.0.0.1:4723/wd/hub/session/7e62527f-7d50-4492-bea6-c09499b19d61/element {"using": "id", "value": "com.lqr.wechat:id/etPhone"}
2019-11-22 11:56:29 [DEBUG] connectionpool.py[_make_request:437] http://127.0.0.1:4723 "POST /wd/hub/session/7e62527f-7d50-4492-bea6-c09499b19d61/element HTTP/1.1" 200 137
2019-11-22 11:56:29 [DEBUG] remote_connection.py[_request:440] Finished Request
2019-11-22 11:56:29 [DEBUG] remote_connection.py[_request:388] POST http://127.0.0.1:4723/wd/hub/session/7e62527f-7d50-4492-bea6-c09499b19d61/element/6918139f-e077-4817-ab92-f9c22312667b/value {"text": "18010181267", "value": ["1", "8", "0", "1", "0", "1", "8", "1", "2", "6", "7"], "id": "6918139f-e077-4817-ab92-f9c22312667b"}
2019-11-22 11:56:29 [DEBUG] connectionpool.py[_make_request:437] http://127.0.0.1:4723 "POST /wd/hub/session/7e62527f-7d50-4492-bea6-c09499b19d61/element/6918139f-e077-4817-ab92-f9c22312667b/value HTTP/1.1" 200 14
2019-11-22 11:56:29 [DEBUG] remote_connection.py[_request:440] Finished Request
2019-11-22 11:56:29 [DEBUG] remote_connection.py[_request:388] POST http://127.0.0.1:4723/wd/hub/session/7e62527f-7d50-4492-bea6-c09499b19d61/element {"using": "id", "value": "com.lqr.wechat:id/etPwd"}
2019-11-22 11:56:30 [DEBUG] connectionpool.py[_make_request:437] http://127.0.0.1:4723 "POST /wd/hub/session/7e62527f-7d50-4492-bea6-c09499b19d61/element HTTP/1.1" 200 137
2019-11-22 11:56:30 [DEBUG] remote_connection.py[_request:440] Finished Request
2019-11-22 11:56:30 [DEBUG] remote_connection.py[_request:388] POST http://127.0.0.1:4723/wd/hub/session/7e62527f-7d50-4492-bea6-c09499b19d61/element/ae030a55-d488-41b6-a162-37540f16f408/value {"text": "123456", "value": ["1", "2", "3", "4", "5", "6"], "id": "ae030a55-d488-41b6-a162-37540f16f408"}
2019-11-22 11:56:30 [DEBUG] connectionpool.py[_make_request:437] http://127.0.0.1:4723 "POST /wd/hub/session/7e62527f-7d50-4492-bea6-c09499b19d61/element/ae030a55-d488-41b6-a162-37540f16f408/value HTTP/1.1" 200 14
2019-11-22 11:56:30 [DEBUG] remote_connection.py[_request:440] Finished Request
2019-11-22 11:56:30 [DEBUG] remote_connection.py[_request:388] POST http://127.0.0.1:4723/wd/hub/session/7e62527f-7d50-4492-bea6-c09499b19d61/element {"using": "id", "value": "com.lqr.wechat:id/btnLogin"}
2019-11-22 11:56:30 [DEBUG] connectionpool.py[_make_request:437] http://127.0.0.1:4723 "POST /wd/hub/session/7e62527f-7d50-4492-bea6-c09499b19d61/element HTTP/1.1" 200 137
2019-11-22 11:56:30 [DEBUG] remote_connection.py[_request:440] Finished Request
2019-11-22 11:56:30 [DEBUG] remote_connection.py[_request:388] POST http://127.0.0.1:4723/wd/hub/session/7e62527f-7d50-4492-bea6-c09499b19d61/element/9f1cacce-44ae-406c-910d-587e2cabb148/click {"id": "9f1cacce-44ae-406c-910d-587e2cabb148"}
2019-11-22 11:56:30 [DEBUG] connectionpool.py[_make_request:437] http://127.0.0.1:4723 "POST /wd/hub/session/7e62527f-7d50-4492-bea6-c09499b19d61/element/9f1cacce-44ae-406c-910d-587e2cabb148/click HTTP/1.1" 200 14
2019-11-22 11:56:30 [DEBUG] remote_connection.py[_request:440] Finished Request
2019-11-22 11:56:30 [DEBUG] remote_connection.py[_request:388] POST http://127.0.0.1:4723/wd/hub/session/7e62527f-7d50-4492-bea6-c09499b19d61/element {"using": "id", "value": "com.lqr.wechat:id/llContacts"}
2019-11-22 11:56:32 [DEBUG] connectionpool.py[_make_request:437] http://127.0.0.1:4723 "POST /wd/hub/session/7e62527f-7d50-4492-bea6-c09499b19d61/element HTTP/1.1" 200 137
2019-11-22 11:56:32 [DEBUG] remote_connection.py[_request:440] Finished Request
2019-11-22 11:56:32 [DEBUG] remote_connection.py[_request:388] POST http://127.0.0.1:4723/wd/hub/session/7e62527f-7d50-4492-bea6-c09499b19d61/element/cce04b6e-968f-4694-8b5f-5435beae7466/click {"id": "cce04b6e-968f-4694-8b5f-5435beae7466"}
2019-11-22 11:56:32 [DEBUG] connectionpool.py[_make_request:437] http://127.0.0.1:4723 "POST /wd/hub/session/7e62527f-7d50-4492-bea6-c09499b19d61/element/cce04b6e-968f-4694-8b5f-5435beae7466/click HTTP/1.1" 200 14
2019-11-22 11:56:32 [DEBUG] remote_connection.py[_request:440] Finished Request
2019-11-22 11:56:32 [DEBUG] remote_connection.py[_request:388] POST http://127.0.0.1:4723/wd/hub/session/7e62527f-7d50-4492-bea6-c09499b19d61/element {"using": "xpath", "value": "//*[@text=\"\u6b6a\u6b6a\"]"}
2019-11-22 11:56:32 [DEBUG] connectionpool.py[_make_request:437] http://127.0.0.1:4723 "POST /wd/hub/session/7e62527f-7d50-4492-bea6-c09499b19d61/element HTTP/1.1" 200 137
2019-11-22 11:56:32 [DEBUG] remote_connection.py[_request:440] Finished Request
2019-11-22 11:56:32 [DEBUG] remote_connection.py[_request:388] POST http://127.0.0.1:4723/wd/hub/session/7e62527f-7d50-4492-bea6-c09499b19d61/element/69dd0498-8eb9-409c-9c83-ac7d4f7975eb/click {"id": "69dd0498-8eb9-409c-9c83-ac7d4f7975eb"}
2019-11-22 11:56:33 [DEBUG] connectionpool.py[_make_request:437] http://127.0.0.1:4723 "POST /wd/hub/session/7e62527f-7d50-4492-bea6-c09499b19d61/element/69dd0498-8eb9-409c-9c83-ac7d4f7975eb/click HTTP/1.1" 200 14
2019-11-22 11:56:33 [DEBUG] remote_connection.py[_request:440] Finished Request
2019-11-22 11:56:33 [DEBUG] remote_connection.py[_request:388] POST http://127.0.0.1:4723/wd/hub/session/7e62527f-7d50-4492-bea6-c09499b19d61/element {"using": "id", "value": "com.lqr.wechat:id/btnCheat"}
2019-11-22 11:56:34 [DEBUG] connectionpool.py[_make_request:437] http://127.0.0.1:4723 "POST /wd/hub/session/7e62527f-7d50-4492-bea6-c09499b19d61/element HTTP/1.1" 200 137
2019-11-22 11:56:34 [DEBUG] remote_connection.py[_request:440] Finished Request
2019-11-22 11:56:34 [DEBUG] remote_connection.py[_request:388] POST http://127.0.0.1:4723/wd/hub/session/7e62527f-7d50-4492-bea6-c09499b19d61/element/ca226d61-3804-46ab-81f6-7898e19567e9/click {"id": "ca226d61-3804-46ab-81f6-7898e19567e9"}
2019-11-22 11:56:34 [DEBUG] connectionpool.py[_make_request:437] http://127.0.0.1:4723 "POST /wd/hub/session/7e62527f-7d50-4492-bea6-c09499b19d61/element/ca226d61-3804-46ab-81f6-7898e19567e9/click HTTP/1.1" 200 14
2019-11-22 11:56:34 [DEBUG] remote_connection.py[_request:440] Finished Request
2019-11-22 11:56:34 [DEBUG] remote_connection.py[_request:388] POST http://127.0.0.1:4723/wd/hub/session/7e62527f-7d50-4492-bea6-c09499b19d61/element {"using": "id", "value": "com.lqr.wechat:id/etContent"}
2019-11-22 11:56:35 [DEBUG] connectionpool.py[_make_request:437] http://127.0.0.1:4723 "POST /wd/hub/session/7e62527f-7d50-4492-bea6-c09499b19d61/element HTTP/1.1" 200 137
2019-11-22 11:56:35 [DEBUG] remote_connection.py[_request:440] Finished Request
2019-11-22 11:56:35 [DEBUG] remote_connection.py[_request:388] POST http://127.0.0.1:4723/wd/hub/session/7e62527f-7d50-4492-bea6-c09499b19d61/element/bd9d258e-f1a6-4db0-ac10-c819f165d909/value {"text": "\u55e8\uff01\u4f60\u597d", "value": ["\u55e8", "\uff01", "\u4f60", "\u597d"], "id": "bd9d258e-f1a6-4db0-ac10-c819f165d909"}
2019-11-22 11:56:35 [DEBUG] connectionpool.py[_make_request:437] http://127.0.0.1:4723 "POST /wd/hub/session/7e62527f-7d50-4492-bea6-c09499b19d61/element/bd9d258e-f1a6-4db0-ac10-c819f165d909/value HTTP/1.1" 200 14
2019-11-22 11:56:35 [DEBUG] remote_connection.py[_request:440] Finished Request
2019-11-22 11:56:35 [DEBUG] remote_connection.py[_request:388] POST http://127.0.0.1:4723/wd/hub/session/7e62527f-7d50-4492-bea6-c09499b19d61/element {"using": "id", "value": "com.lqr.wechat:id/btnSend"}
2019-11-22 11:56:36 [DEBUG] connectionpool.py[_make_request:437] http://127.0.0.1:4723 "POST /wd/hub/session/7e62527f-7d50-4492-bea6-c09499b19d61/element HTTP/1.1" 200 137
2019-11-22 11:56:36 [DEBUG] remote_connection.py[_request:440] Finished Request
2019-11-22 11:56:36 [DEBUG] remote_connection.py[_request:388] POST http://127.0.0.1:4723/wd/hub/session/7e62527f-7d50-4492-bea6-c09499b19d61/element/f4cb3478-1659-4f13-8bf2-b150ae710d3d/click {"id": "f4cb3478-1659-4f13-8bf2-b150ae710d3d"}
2019-11-22 11:56:36 [DEBUG] connectionpool.py[_make_request:437] http://127.0.0.1:4723 "POST /wd/hub/session/7e62527f-7d50-4492-bea6-c09499b19d61/element/f4cb3478-1659-4f13-8bf2-b150ae710d3d/click HTTP/1.1" 200 14
2019-11-22 11:56:36 [DEBUG] remote_connection.py[_request:440] Finished Request
2019-11-22 11:56:36 [INFO] pytest_selenium.py[get_capabilities_from_markers:122] Capabilities from markers: {}
2019-11-22 11:56:37 [DEBUG] remote_connection.py[_request:388] POST http://127.0.0.1:4056/session {"capabilities": {"firstMatch": [{}], "alwaysMatch": {"browserName": "chrome", "platformName": "any", "goog:chromeOptions": {"w3c": false, "extensions": [], "args": ["--start-maximized", "--no-sandbox"]}}}, "desiredCapabilities": {"browserName": "chrome", "version": "", "platform": "ANY", "goog:chromeOptions": {"w3c": false, "extensions": [], "args": ["--start-maximized", "--no-sandbox"]}}}
2019-11-22 11:56:37 [DEBUG] connectionpool.py[_new_conn:225] Starting new HTTP connection (1): 127.0.0.1:4056
2019-11-22 11:56:39 [DEBUG] connectionpool.py[_make_request:437] http://127.0.0.1:4056 "POST /session HTTP/1.1" 200 1035
2019-11-22 11:56:39 [DEBUG] remote_connection.py[_request:440] Finished Request
2019-11-22 11:56:39 [DEBUG] remote_connection.py[_request:388] POST http://127.0.0.1:4056/session/cf6840b3c1649c43f402c8771e2065f6/timeouts/implicit_wait {"ms": 15000.0, "sessionId": "cf6840b3c1649c43f402c8771e2065f6"}
2019-11-22 11:56:39 [DEBUG] connectionpool.py[_make_request:437] http://127.0.0.1:4056 "POST /session/cf6840b3c1649c43f402c8771e2065f6/timeouts/implicit_wait HTTP/1.1" 200 72
2019-11-22 11:56:39 [DEBUG] remote_connection.py[_request:440] Finished Request
2019-11-22 11:56:39 [DEBUG] remote_connection.py[_request:388] POST http://127.0.0.1:4056/session/cf6840b3c1649c43f402c8771e2065f6/url {"url": "https://www.baidu.com", "sessionId": "cf6840b3c1649c43f402c8771e2065f6"}
2019-11-22 11:56:39 [DEBUG] connectionpool.py[_make_request:437] http://127.0.0.1:4056 "POST /session/cf6840b3c1649c43f402c8771e2065f6/url HTTP/1.1" 200 72
2019-11-22 11:56:39 [DEBUG] remote_connection.py[_request:440] Finished Request
2019-11-22 11:56:39 [DEBUG] remote_connection.py[_request:388] POST http://127.0.0.1:4056/session/cf6840b3c1649c43f402c8771e2065f6/element {"using": "id", "value": "kw", "sessionId": "cf6840b3c1649c43f402c8771e2065f6"}
2019-11-22 11:56:39 [DEBUG] connectionpool.py[_make_request:437] http://127.0.0.1:4056 "POST /session/cf6840b3c1649c43f402c8771e2065f6/element HTTP/1.1" 200 103
2019-11-22 11:56:39 [DEBUG] remote_connection.py[_request:440] Finished Request
2019-11-22 11:56:39 [DEBUG] remote_connection.py[_request:388] POST http://127.0.0.1:4056/session/cf6840b3c1649c43f402c8771e2065f6/element/0.35629894331164236-1/value {"text": "\u5c11\u5e74\u7684\u4f60", "value": ["\u5c11", "\u5e74", "\u7684", "\u4f60"], "id": "0.35629894331164236-1", "sessionId": "cf6840b3c1649c43f402c8771e2065f6"}
2019-11-22 11:56:39 [DEBUG] connectionpool.py[_make_request:437] http://127.0.0.1:4056 "POST /session/cf6840b3c1649c43f402c8771e2065f6/element/0.35629894331164236-1/value HTTP/1.1" 200 72
2019-11-22 11:56:39 [DEBUG] remote_connection.py[_request:440] Finished Request
2019-11-22 11:56:39 [DEBUG] remote_connection.py[_request:388] POST http://127.0.0.1:4056/session/cf6840b3c1649c43f402c8771e2065f6/element {"using": "id", "value": "su", "sessionId": "cf6840b3c1649c43f402c8771e2065f6"}
2019-11-22 11:56:39 [DEBUG] connectionpool.py[_make_request:437] http://127.0.0.1:4056 "POST /session/cf6840b3c1649c43f402c8771e2065f6/element HTTP/1.1" 200 103
2019-11-22 11:56:39 [DEBUG] remote_connection.py[_request:440] Finished Request
2019-11-22 11:56:39 [DEBUG] remote_connection.py[_request:388] POST http://127.0.0.1:4056/session/cf6840b3c1649c43f402c8771e2065f6/element/0.35629894331164236-2/click {"id": "0.35629894331164236-2", "sessionId": "cf6840b3c1649c43f402c8771e2065f6"}
2019-11-22 11:56:40 [DEBUG] connectionpool.py[_make_request:437] http://127.0.0.1:4056 "POST /session/cf6840b3c1649c43f402c8771e2065f6/element/0.35629894331164236-2/click HTTP/1.1" 200 72
2019-11-22 11:56:40 [DEBUG] remote_connection.py[_request:440] Finished Request
2019-11-22 11:56:43 [DEBUG] remote_connection.py[_request:388] DELETE http://127.0.0.1:4056/session/cf6840b3c1649c43f402c8771e2065f6 {"sessionId": "cf6840b3c1649c43f402c8771e2065f6"}
2019-11-22 11:56:43 [DEBUG] connectionpool.py[_make_request:437] http://127.0.0.1:4056 "DELETE /session/cf6840b3c1649c43f402c8771e2065f6 HTTP/1.1" 200 72
2019-11-22 11:56:43 [DEBUG] remote_connection.py[_request:440] Finished Request
2019-11-22 11:56:45 [INFO] pytest_selenium.py[get_capabilities_from_markers:122] Capabilities from markers: {}
2019-11-22 11:56:45 [DEBUG] remote_connection.py[_request:388] POST http://127.0.0.1:4097/session {"capabilities": {"firstMatch": [{}], "alwaysMatch": {"browserName": "chrome", "platformName": "any", "goog:chromeOptions": {"w3c": false, "extensions": [], "args": ["--start-maximized", "--no-sandbox"]}}}, "desiredCapabilities": {"browserName": "chrome", "version": "", "platform": "ANY", "goog:chromeOptions": {"w3c": false, "extensions": [], "args": ["--start-maximized", "--no-sandbox"]}}}
2019-11-22 11:56:45 [DEBUG] connectionpool.py[_new_conn:225] Starting new HTTP connection (1): 127.0.0.1:4097
2019-11-22 11:56:48 [DEBUG] connectionpool.py[_make_request:437] http://127.0.0.1:4097 "POST /session HTTP/1.1" 200 1036
2019-11-22 11:56:48 [DEBUG] remote_connection.py[_request:440] Finished Request
2019-11-22 11:56:48 [DEBUG] remote_connection.py[_request:388] POST http://127.0.0.1:4097/session/684399f1bd61520bfd2a703773eb3a96/timeouts/implicit_wait {"ms": 15000.0, "sessionId": "684399f1bd61520bfd2a703773eb3a96"}
2019-11-22 11:56:48 [DEBUG] connectionpool.py[_make_request:437] http://127.0.0.1:4097 "POST /session/684399f1bd61520bfd2a703773eb3a96/timeouts/implicit_wait HTTP/1.1" 200 72
2019-11-22 11:56:48 [DEBUG] remote_connection.py[_request:440] Finished Request
2019-11-22 11:56:48 [DEBUG] remote_connection.py[_request:388] POST http://127.0.0.1:4097/session/684399f1bd61520bfd2a703773eb3a96/url {"url": "http://39.104.14.232/ecshop/wwwroot/admin/privilege.php?act=login", "sessionId": "684399f1bd61520bfd2a703773eb3a96"}
2019-11-22 11:56:50 [DEBUG] connectionpool.py[_make_request:437] http://127.0.0.1:4097 "POST /session/684399f1bd61520bfd2a703773eb3a96/url HTTP/1.1" 200 72
2019-11-22 11:56:50 [DEBUG] remote_connection.py[_request:440] Finished Request
2019-11-22 11:56:50 [DEBUG] remote_connection.py[_request:388] POST http://127.0.0.1:4097/session/684399f1bd61520bfd2a703773eb3a96/element {"using": "name", "value": "username", "sessionId": "684399f1bd61520bfd2a703773eb3a96"}
2019-11-22 11:56:50 [DEBUG] connectionpool.py[_make_request:437] http://127.0.0.1:4097 "POST /session/684399f1bd61520bfd2a703773eb3a96/element HTTP/1.1" 200 101
2019-11-22 11:56:50 [DEBUG] remote_connection.py[_request:440] Finished Request
2019-11-22 11:56:50 [DEBUG] remote_connection.py[_request:388] POST http://127.0.0.1:4097/session/684399f1bd61520bfd2a703773eb3a96/element/0.594256609212706-1/value {"text": "liuyp", "value": ["l", "i", "u", "y", "p"], "id": "0.594256609212706-1", "sessionId": "684399f1bd61520bfd2a703773eb3a96"}
2019-11-22 11:56:50 [DEBUG] connectionpool.py[_make_request:437] http://127.0.0.1:4097 "POST /session/684399f1bd61520bfd2a703773eb3a96/element/0.594256609212706-1/value HTTP/1.1" 200 72
2019-11-22 11:56:50 [DEBUG] remote_connection.py[_request:440] Finished Request
2019-11-22 11:56:50 [DEBUG] remote_connection.py[_request:388] POST http://127.0.0.1:4097/session/684399f1bd61520bfd2a703773eb3a96/element {"using": "name", "value": "password", "sessionId": "684399f1bd61520bfd2a703773eb3a96"}
2019-11-22 11:56:50 [DEBUG] connectionpool.py[_make_request:437] http://127.0.0.1:4097 "POST /session/684399f1bd61520bfd2a703773eb3a96/element HTTP/1.1" 200 101
2019-11-22 11:56:50 [DEBUG] remote_connection.py[_request:440] Finished Request
2019-11-22 11:56:50 [DEBUG] remote_connection.py[_request:388] POST http://127.0.0.1:4097/session/684399f1bd61520bfd2a703773eb3a96/element/0.594256609212706-2/value {"text": "abc123", "value": ["a", "b", "c", "1", "2", "3"], "id": "0.594256609212706-2", "sessionId": "684399f1bd61520bfd2a703773eb3a96"}
2019-11-22 11:56:50 [DEBUG] connectionpool.py[_make_request:437] http://127.0.0.1:4097 "POST /session/684399f1bd61520bfd2a703773eb3a96/element/0.594256609212706-2/value HTTP/1.1" 200 72
2019-11-22 11:56:50 [DEBUG] remote_connection.py[_request:440] Finished Request
2019-11-22 11:56:50 [DEBUG] remote_connection.py[_request:388] POST http://127.0.0.1:4097/session/684399f1bd61520bfd2a703773eb3a96/element {"using": "class name", "value": "button2", "sessionId": "684399f1bd61520bfd2a703773eb3a96"}
2019-11-22 11:56:50 [DEBUG] connectionpool.py[_make_request:437] http://127.0.0.1:4097 "POST /session/684399f1bd61520bfd2a703773eb3a96/element HTTP/1.1" 200 101
2019-11-22 11:56:50 [DEBUG] remote_connection.py[_request:440] Finished Request
2019-11-22 11:56:50 [DEBUG] remote_connection.py[_request:388] POST http://127.0.0.1:4097/session/684399f1bd61520bfd2a703773eb3a96/element/0.594256609212706-3/click {"id": "0.594256609212706-3", "sessionId": "684399f1bd61520bfd2a703773eb3a96"}
2019-11-22 11:56:51 [DEBUG] connectionpool.py[_make_request:437] http://127.0.0.1:4097 "POST /session/684399f1bd61520bfd2a703773eb3a96/element/0.594256609212706-3/click HTTP/1.1" 200 72
2019-11-22 11:56:51 [DEBUG] remote_connection.py[_request:440] Finished Request
2019-11-22 11:56:56 [DEBUG] remote_connection.py[_request:388] DELETE http://127.0.0.1:4097/session/684399f1bd61520bfd2a703773eb3a96 {"sessionId": "684399f1bd61520bfd2a703773eb3a96"}
2019-11-22 11:56:56 [DEBUG] connectionpool.py[_make_request:437] http://127.0.0.1:4097 "DELETE /session/684399f1bd61520bfd2a703773eb3a96 HTTP/1.1" 200 72
2019-11-22 11:56:56 [DEBUG] remote_connection.py[_request:440] Finished Request
2019-11-22 11:56:59 [DEBUG] test_demo1.py[test_logging:71] 调试日志
2019-11-22 11:56:59 [INFO] test_demo1.py[test_logging:72] info信息
2019-11-22 11:56:59 [WARNING] test_demo1.py[test_logging:73] 警告信息
2019-11-22 11:56:59 [ERROR] test_demo1.py[test_logging:74] 报错信息
2019-11-22 11:56:59 [CRITICAL] test_demo1.py[test_logging:75] 严重出错
2019-11-22 11:56:59 [DEBUG] remote_connection.py[_request:388] DELETE http://127.0.0.1:4723/wd/hub/session/7e62527f-7d50-4492-bea6-c09499b19d61 {}
2019-11-22 11:56:59 [DEBUG] connectionpool.py[_get_conn:266] Resetting dropped connection: 127.0.0.1
2019-11-22 11:57:00 [DEBUG] connectionpool.py[_make_request:437] http://127.0.0.1:4723 "DELETE /wd/hub/session/7e62527f-7d50-4492-bea6-c09499b19d61 HTTP/1.1" 200 14
2019-11-22 11:57:00 [DEBUG] remote_connection.py[_request:440] Finished Request
